Change Footprint: Footprint Not Found CAPRR1000W60L1260T920H1390
Change Component Footprint: Designator=C1 Old Footprint=WCAP-PSHP_10X10.5(DXL) New Footprint=CAPRR2750W100L3150T1200H2450
Change component parameters: Designator = "C1" ("C1"); Footprint = "WCAP-PSHP_10X10.5(DXL)"; UniqueID = "\GUVPDYGI" ("\GUVPDYGI")
Change component parameters (AddParameter): Name = "Availability"; Value = "In Stock"; VariantName = "[No Variations]"
Change component parameters (AddParameter): Name = "Check_prices"; Value = "https://www.snapeda.com/parts/ECWFG70225J/Panasonic/view-part/?ref=eda"; VariantName = "[No Variations]"
Change component parameters (AddParameter): Name = "MF"; Value = "Panasonic"; VariantName = "[No Variations]"
Change component parameters (AddParameter): Name = "MP"; Value = "ECWFG70225J"; VariantName = "[No Variations]"
Change component parameters (AddParameter): Name = "Package"; Value = "MOLDED-2 Panasonic"; VariantName = "[No Variations]"
Change component parameters (AddParameter): Name = "Price"; Value = "None"; VariantName = "[No Variations]"
Change component parameters (AddParameter): Name = "Purchase-URL"; Value = "https://pricing.snapeda.com/search/part/ECWFG70225J/?ref=eda"; VariantName = "[No Variations]"
Change component parameters (AddParameter): Name = "SnapEDA_Link"; Value = "https://www.snapeda.com/parts/ECWFG70225J/Panasonic/view-part/?ref=snap"; VariantName = "[No Variations]"
Change component parameters (AddParameter): Name = "Value"; Value = ""; VariantName = "[No Variations]"
Add component: Footprint Not Found CAPRR1000W60L1260T920H1390
Add component: Footprint Not Found CAPRR1000W60L1260T920H1390
Add component: Footprint Not Found CAPRR1000W60L1260T920H1390
Add component: Footprint Not Found CAPRR1000W60L1260T920H1390
Add component: Footprint Not Found CAPRR1000W60L1260T920H1390
Add component: Footprint Not Found CAPRR1000W60L1260T920H1390
Add component: Footprint Not Found CAPRR1000W60L1260T920H1390
Add component: Footprint Not Found CAPRR1000W60L1260T920H1390
Add component: Footprint Not Found CAPRR1000W60L1260T920H1390
Add component: Footprint Not Found CAPRR1000W60L1260T920H1390
Add component: Footprint Not Found CAPRR1000W60L1260T920H1390
Add component: Footprint Not Found CAPRR1000W60L1260T920H1390
Add component: Footprint Not Found CAPRR1000W60L1260T920H1390
Add component: Footprint Not Found CAPRR1000W60L1260T920H1390
Add component: Footprint Not Found CAPRR1000W60L1260T920H1390
Add component: Footprint Not Found CAPRR1000W60L1260T920H1390
Add Pin To Net: Unknown Pin: Pin C3-1
Add Pin To Net: Unknown Pin: Pin C3-2
Add Pin To Net: Unknown Pin: Pin C4-1
Add Pin To Net: Unknown Pin: Pin C4-2
Add Pin To Net: Unknown Pin: Pin C5-1
Add Pin To Net: Unknown Pin: Pin C5-2
Add Pin To Net: Unknown Pin: Pin C6-1
Add Pin To Net: Unknown Pin: Pin C6-2
Add Pin To Net: Unknown Pin: Pin C7-1
Add Pin To Net: Unknown Pin: Pin C7-2
Add Pin To Net: Unknown Pin: Pin C8-1
Add Pin To Net: Unknown Pin: Pin C8-2
Add Pin To Net: Unknown Pin: Pin C9-1
Add Pin To Net: Unknown Pin: Pin C9-2
Add Pin To Net: Unknown Pin: Pin C10-1
Add Pin To Net: Unknown Pin: Pin C10-2
Add Pin To Net: Unknown Pin: Pin C11-1
Add Pin To Net: Unknown Pin: Pin C11-2
Add Pin To Net: Unknown Pin: Pin C12-1
Add Pin To Net: Unknown Pin: Pin C13-1
Add Pin To Net: Unknown Pin: Pin C13-2
Add Pin To Net: Unknown Pin: Pin C14-1
Add Pin To Net: Unknown Pin: Pin C14-2
Add Pin To Net: Unknown Pin: Pin C15-1
Add Pin To Net: Unknown Pin: Pin C15-2
Add Pin To Net: Unknown Pin: Pin C16-1
Add Pin To Net: Unknown Pin: Pin C16-2
Add Pin To Net: Unknown Pin: Pin C17-1
Add Pin To Net: Unknown Pin: Pin C17-2
Add Pin To Net: Unknown Pin: Pin C18-1
Add Pin To Net: Unknown Pin: Pin C18-2
Add Pin To Net: Unknown Pin: Pin D1-1
Add Pin To Net: Unknown Pin: Pin D1-2
Add Pin To Net: Unknown Pin: Pin D?-1
Add Pin To Net: Unknown Pin: Pin D?-2
Add Pin To Net: Unknown Pin: Pin L1-1
Add Pin To Net: Unknown Pin: Pin L1-2
Add Pin To Net: Unknown Pin: Pin X?-1
Add Pin To Net: Unknown Pin: Pin X?-2
