Added Component: Designator=C2(WCAP-PSHP_10X10.5(DXL))
Add component (AddParameter): Name = "Check_prices"; Value = "https://www.snapeda.com/parts/875115357006/W%25C3%25BCrth+Elektronik+Midcom/view-part/?ref=eda"; VariantName = "[No Variations]"
Add component (AddParameter): Name = "MF"; Value = "Würth Elektronik"; VariantName = "[No Variations]"
Add component (AddParameter): Name = "MP"; Value = "875115357006"; VariantName = "[No Variations]"
Add component (AddParameter): Name = "Package"; Value = "Radial Wurth Electronics"; VariantName = "[No Variations]"
Add component (AddParameter): Name = "SnapEDA_Link"; Value = "https://www.snapeda.com/parts/875115357006/W%25C3%25BCrth+Elektronik+Midcom/view-part/?ref=snap"; VariantName = "[No Variations]"
Add component (AddParameter): Name = "Value"; Value = ""; VariantName = "[No Variations]"
Add component: Footprint Not Found CAPRR1000W60L1260T920H1390
Add component: Footprint Not Found CAPRR1000W60L1260T920H1390
Add component: Footprint Not Found CAPRR1000W60L1260T920H1390
Add component: Footprint Not Found CAPRR1000W60L1260T920H1390
Add component: Footprint Not Found CAPRR1000W60L1260T920H1390
Add component: Footprint Not Found CAPRR1000W60L1260T920H1390
Add component: Footprint Not Found CAPRR1000W60L1260T920H1390
Add component: Footprint Not Found CAPRR1000W60L1260T920H1390
Add component: Footprint Not Found CAPRR1000W60L1260T920H1390
Add component: Footprint Not Found CAPRR1000W60L1260T920H1390
Add component: Footprint Not Found CAPRR1000W60L1260T920H1390
Add component: Footprint Not Found CAPRR1000W60L1260T920H1390
Add component: Footprint Not Found CAPRR1000W60L1260T920H1390
Add component: Footprint Not Found CAPRR1000W60L1260T920H1390
Add component: Footprint Not Found CAPRR1000W60L1260T920H1390
Add component: Footprint Not Found CAPRR1000W60L1260T920H1390
Added Pin To Net: NetName=GND Pin=C2-1
Added Pin To Net: NetName=+5 Pin=C2-2
Add Pin To Net: Unknown Pin: Pin C3-1
Add Pin To Net: Unknown Pin: Pin C4-1
Add Pin To Net: Unknown Pin: Pin C4-2
Add Pin To Net: Unknown Pin: Pin C5-1
Add Pin To Net: Unknown Pin: Pin C5-2
Add Pin To Net: Unknown Pin: Pin C6-1
Add Pin To Net: Unknown Pin: Pin C6-2
Add Pin To Net: Unknown Pin: Pin C7-1
Add Pin To Net: Unknown Pin: Pin C7-2
Add Pin To Net: Unknown Pin: Pin C8-1
Add Pin To Net: Unknown Pin: Pin C8-2
Add Pin To Net: Unknown Pin: Pin C9-1
Add Pin To Net: Unknown Pin: Pin C9-2
Add Pin To Net: Unknown Pin: Pin C10-1
Add Pin To Net: Unknown Pin: Pin C10-2
Add Pin To Net: Unknown Pin: Pin C11-1
Add Pin To Net: Unknown Pin: Pin C11-2
Add Pin To Net: Unknown Pin: Pin C12-1
Add Pin To Net: Unknown Pin: Pin C13-1
Add Pin To Net: Unknown Pin: Pin C13-2
Add Pin To Net: Unknown Pin: Pin C14-1
Add Pin To Net: Unknown Pin: Pin C14-2
Add Pin To Net: Unknown Pin: Pin C15-1
Add Pin To Net: Unknown Pin: Pin C15-2
Add Pin To Net: Unknown Pin: Pin C16-1
Add Pin To Net: Unknown Pin: Pin C16-2
Add Pin To Net: Unknown Pin: Pin C17-1
Add Pin To Net: Unknown Pin: Pin C17-2
Add Pin To Net: Unknown Pin: Pin C18-1
Add Pin To Net: Unknown Pin: Pin C18-2
Add Pin To Net: Unknown Pin: Pin D1-1
Add Pin To Net: Unknown Pin: Pin D1-2
Add Pin To Net: Unknown Pin: Pin D?-1
Add Pin To Net: Unknown Pin: Pin D?-2
Add Pin To Net: Unknown Pin: Pin L1-1
Add Pin To Net: Unknown Pin: Pin L1-2
Add Pin To Net: Unknown Pin: Pin X?-1
Add Pin To Net: Unknown Pin: Pin X?-2
