Change Component Footprint: Designator=C2 Old Footprint=WCAP-PSHP_10X10.5(DXL) New Footprint=CAPC2012X145N
Change component parameters: Designator = "C2" ("C2"); Footprint = "WCAP-PSHP_10X10.5(DXL)"; UniqueID = "\KEAWQQZR" ("\KEAWQQZR")
Change component parameters (AddParameter): Name = "Check_prices"; Value = "https://www.snapeda.com/parts/GRM21BC81E106KE11L/Murata/view-part/?ref=eda"; VariantName = "[No Variations]"
Change component parameters (AddParameter): Name = "MF"; Value = "Murata"; VariantName = "[No Variations]"
Change component parameters (AddParameter): Name = "MP"; Value = "GRM21BC81E106KE11L"; VariantName = "[No Variations]"
Change component parameters (AddParameter): Name = "Package"; Value = "2012 Murata"; VariantName = "[No Variations]"
Change component parameters (AddParameter): Name = "SnapEDA_Link"; Value = "https://www.snapeda.com/parts/GRM21BC81E106KE11L/Murata/view-part/?ref=snap"; VariantName = "[No Variations]"
Change component parameters (AddParameter): Name = "Value"; Value = ""; VariantName = "[No Variations]"
Added Component: Designator=C3(CAPC2012X145N)
Add component (AddParameter): Name = "Check_prices"; Value = "https://www.snapeda.com/parts/GRM21BC81E106KE11L/Murata/view-part/?ref=eda"; VariantName = "[No Variations]"
Add component (AddParameter): Name = "MF"; Value = "Murata"; VariantName = "[No Variations]"
Add component (AddParameter): Name = "MP"; Value = "GRM21BC81E106KE11L"; VariantName = "[No Variations]"
Add component (AddParameter): Name = "Package"; Value = "2012 Murata"; VariantName = "[No Variations]"
Add component (AddParameter): Name = "SnapEDA_Link"; Value = "https://www.snapeda.com/parts/GRM21BC81E106KE11L/Murata/view-part/?ref=snap"; VariantName = "[No Variations]"
Add component (AddParameter): Name = "Value"; Value = ""; VariantName = "[No Variations]"
Added Component: Designator=C4(CAPC2012X145N)
Add component (AddParameter): Name = "Check_prices"; Value = "https://www.snapeda.com/parts/GRM21BC81E106KE11L/Murata/view-part/?ref=eda"; VariantName = "[No Variations]"
Add component (AddParameter): Name = "MF"; Value = "Murata"; VariantName = "[No Variations]"
Add component (AddParameter): Name = "MP"; Value = "GRM21BC81E106KE11L"; VariantName = "[No Variations]"
Add component (AddParameter): Name = "Package"; Value = "2012 Murata"; VariantName = "[No Variations]"
Add component (AddParameter): Name = "SnapEDA_Link"; Value = "https://www.snapeda.com/parts/GRM21BC81E106KE11L/Murata/view-part/?ref=snap"; VariantName = "[No Variations]"
Add component (AddParameter): Name = "Value"; Value = ""; VariantName = "[No Variations]"
Added Component: Designator=C5(CAPC2012X145N)
Add component (AddParameter): Name = "Check_prices"; Value = "https://www.snapeda.com/parts/GRM21BC81E106KE11L/Murata/view-part/?ref=eda"; VariantName = "[No Variations]"
Add component (AddParameter): Name = "MF"; Value = "Murata"; VariantName = "[No Variations]"
Add component (AddParameter): Name = "MP"; Value = "GRM21BC81E106KE11L"; VariantName = "[No Variations]"
Add component (AddParameter): Name = "Package"; Value = "2012 Murata"; VariantName = "[No Variations]"
Add component (AddParameter): Name = "SnapEDA_Link"; Value = "https://www.snapeda.com/parts/GRM21BC81E106KE11L/Murata/view-part/?ref=snap"; VariantName = "[No Variations]"
Add component (AddParameter): Name = "Value"; Value = ""; VariantName = "[No Variations]"
Added Component: Designator=C6(CAPC2012X145N)
Add component (AddParameter): Name = "Check_prices"; Value = "https://www.snapeda.com/parts/GRM21BC81E106KE11L/Murata/view-part/?ref=eda"; VariantName = "[No Variations]"
Add component (AddParameter): Name = "MF"; Value = "Murata"; VariantName = "[No Variations]"
Add component (AddParameter): Name = "MP"; Value = "GRM21BC81E106KE11L"; VariantName = "[No Variations]"
Add component (AddParameter): Name = "Package"; Value = "2012 Murata"; VariantName = "[No Variations]"
Add component (AddParameter): Name = "SnapEDA_Link"; Value = "https://www.snapeda.com/parts/GRM21BC81E106KE11L/Murata/view-part/?ref=snap"; VariantName = "[No Variations]"
Add component (AddParameter): Name = "Value"; Value = ""; VariantName = "[No Variations]"
Added Component: Designator=C7(CAPC2012X145N)
Add component (AddParameter): Name = "Check_prices"; Value = "https://www.snapeda.com/parts/GRM21BC81E106KE11L/Murata/view-part/?ref=eda"; VariantName = "[No Variations]"
Add component (AddParameter): Name = "MF"; Value = "Murata"; VariantName = "[No Variations]"
Add component (AddParameter): Name = "MP"; Value = "GRM21BC81E106KE11L"; VariantName = "[No Variations]"
Add component (AddParameter): Name = "Package"; Value = "2012 Murata"; VariantName = "[No Variations]"
Add component (AddParameter): Name = "SnapEDA_Link"; Value = "https://www.snapeda.com/parts/GRM21BC81E106KE11L/Murata/view-part/?ref=snap"; VariantName = "[No Variations]"
Add component (AddParameter): Name = "Value"; Value = ""; VariantName = "[No Variations]"
Added Component: Designator=C8(CAPC2012X145N)
Add component (AddParameter): Name = "Check_prices"; Value = "https://www.snapeda.com/parts/GRM21BC81E106KE11L/Murata/view-part/?ref=eda"; VariantName = "[No Variations]"
Add component (AddParameter): Name = "MF"; Value = "Murata"; VariantName = "[No Variations]"
Add component (AddParameter): Name = "MP"; Value = "GRM21BC81E106KE11L"; VariantName = "[No Variations]"
Add component (AddParameter): Name = "Package"; Value = "2012 Murata"; VariantName = "[No Variations]"
Add component (AddParameter): Name = "SnapEDA_Link"; Value = "https://www.snapeda.com/parts/GRM21BC81E106KE11L/Murata/view-part/?ref=snap"; VariantName = "[No Variations]"
Add component (AddParameter): Name = "Value"; Value = ""; VariantName = "[No Variations]"
Added Component: Designator=C9(CAPC2012X145N)
Add component (AddParameter): Name = "Check_prices"; Value = "https://www.snapeda.com/parts/GRM21BC81E106KE11L/Murata/view-part/?ref=eda"; VariantName = "[No Variations]"
Add component (AddParameter): Name = "MF"; Value = "Murata"; VariantName = "[No Variations]"
Add component (AddParameter): Name = "MP"; Value = "GRM21BC81E106KE11L"; VariantName = "[No Variations]"
Add component (AddParameter): Name = "Package"; Value = "2012 Murata"; VariantName = "[No Variations]"
Add component (AddParameter): Name = "SnapEDA_Link"; Value = "https://www.snapeda.com/parts/GRM21BC81E106KE11L/Murata/view-part/?ref=snap"; VariantName = "[No Variations]"
Add component (AddParameter): Name = "Value"; Value = ""; VariantName = "[No Variations]"
Added Component: Designator=C10(CAPC2012X145N)
Add component (AddParameter): Name = "Check_prices"; Value = "https://www.snapeda.com/parts/GRM21BC81E106KE11L/Murata/view-part/?ref=eda"; VariantName = "[No Variations]"
Add component (AddParameter): Name = "MF"; Value = "Murata"; VariantName = "[No Variations]"
Add component (AddParameter): Name = "MP"; Value = "GRM21BC81E106KE11L"; VariantName = "[No Variations]"
Add component (AddParameter): Name = "Package"; Value = "2012 Murata"; VariantName = "[No Variations]"
Add component (AddParameter): Name = "SnapEDA_Link"; Value = "https://www.snapeda.com/parts/GRM21BC81E106KE11L/Murata/view-part/?ref=snap"; VariantName = "[No Variations]"
Add component (AddParameter): Name = "Value"; Value = ""; VariantName = "[No Variations]"
Added Component: Designator=C11(CAPC2012X145N)
Add component (AddParameter): Name = "Check_prices"; Value = "https://www.snapeda.com/parts/GRM21BC81E106KE11L/Murata/view-part/?ref=eda"; VariantName = "[No Variations]"
Add component (AddParameter): Name = "MF"; Value = "Murata"; VariantName = "[No Variations]"
Add component (AddParameter): Name = "MP"; Value = "GRM21BC81E106KE11L"; VariantName = "[No Variations]"
Add component (AddParameter): Name = "Package"; Value = "2012 Murata"; VariantName = "[No Variations]"
Add component (AddParameter): Name = "SnapEDA_Link"; Value = "https://www.snapeda.com/parts/GRM21BC81E106KE11L/Murata/view-part/?ref=snap"; VariantName = "[No Variations]"
Add component (AddParameter): Name = "Value"; Value = ""; VariantName = "[No Variations]"
Added Component: Designator=C12(CAPC2012X145N)
Add component (AddParameter): Name = "Check_prices"; Value = "https://www.snapeda.com/parts/GRM21BC81E106KE11L/Murata/view-part/?ref=eda"; VariantName = "[No Variations]"
Add component (AddParameter): Name = "MF"; Value = "Murata"; VariantName = "[No Variations]"
Add component (AddParameter): Name = "MP"; Value = "GRM21BC81E106KE11L"; VariantName = "[No Variations]"
Add component (AddParameter): Name = "Package"; Value = "2012 Murata"; VariantName = "[No Variations]"
Add component (AddParameter): Name = "SnapEDA_Link"; Value = "https://www.snapeda.com/parts/GRM21BC81E106KE11L/Murata/view-part/?ref=snap"; VariantName = "[No Variations]"
Add component (AddParameter): Name = "Value"; Value = ""; VariantName = "[No Variations]"
Added Component: Designator=C13(CAPC2012X145N)
Add component (AddParameter): Name = "Check_prices"; Value = "https://www.snapeda.com/parts/GRM21BC81E106KE11L/Murata/view-part/?ref=eda"; VariantName = "[No Variations]"
Add component (AddParameter): Name = "MF"; Value = "Murata"; VariantName = "[No Variations]"
Add component (AddParameter): Name = "MP"; Value = "GRM21BC81E106KE11L"; VariantName = "[No Variations]"
Add component (AddParameter): Name = "Package"; Value = "2012 Murata"; VariantName = "[No Variations]"
Add component (AddParameter): Name = "SnapEDA_Link"; Value = "https://www.snapeda.com/parts/GRM21BC81E106KE11L/Murata/view-part/?ref=snap"; VariantName = "[No Variations]"
Add component (AddParameter): Name = "Value"; Value = ""; VariantName = "[No Variations]"
Added Component: Designator=C14(CAPC2012X145N)
Add component (AddParameter): Name = "Check_prices"; Value = "https://www.snapeda.com/parts/GRM21BC81E106KE11L/Murata/view-part/?ref=eda"; VariantName = "[No Variations]"
Add component (AddParameter): Name = "MF"; Value = "Murata"; VariantName = "[No Variations]"
Add component (AddParameter): Name = "MP"; Value = "GRM21BC81E106KE11L"; VariantName = "[No Variations]"
Add component (AddParameter): Name = "Package"; Value = "2012 Murata"; VariantName = "[No Variations]"
Add component (AddParameter): Name = "SnapEDA_Link"; Value = "https://www.snapeda.com/parts/GRM21BC81E106KE11L/Murata/view-part/?ref=snap"; VariantName = "[No Variations]"
Add component (AddParameter): Name = "Value"; Value = ""; VariantName = "[No Variations]"
Added Component: Designator=C15(CAPC2012X145N)
Add component (AddParameter): Name = "Check_prices"; Value = "https://www.snapeda.com/parts/GRM21BC81E106KE11L/Murata/view-part/?ref=eda"; VariantName = "[No Variations]"
Add component (AddParameter): Name = "MF"; Value = "Murata"; VariantName = "[No Variations]"
Add component (AddParameter): Name = "MP"; Value = "GRM21BC81E106KE11L"; VariantName = "[No Variations]"
Add component (AddParameter): Name = "Package"; Value = "2012 Murata"; VariantName = "[No Variations]"
Add component (AddParameter): Name = "SnapEDA_Link"; Value = "https://www.snapeda.com/parts/GRM21BC81E106KE11L/Murata/view-part/?ref=snap"; VariantName = "[No Variations]"
Add component (AddParameter): Name = "Value"; Value = ""; VariantName = "[No Variations]"
Added Component: Designator=C16(CAPC2012X145N)
Add component (AddParameter): Name = "Check_prices"; Value = "https://www.snapeda.com/parts/GRM21BC81E106KE11L/Murata/view-part/?ref=eda"; VariantName = "[No Variations]"
Add component (AddParameter): Name = "MF"; Value = "Murata"; VariantName = "[No Variations]"
Add component (AddParameter): Name = "MP"; Value = "GRM21BC81E106KE11L"; VariantName = "[No Variations]"
Add component (AddParameter): Name = "Package"; Value = "2012 Murata"; VariantName = "[No Variations]"
Add component (AddParameter): Name = "SnapEDA_Link"; Value = "https://www.snapeda.com/parts/GRM21BC81E106KE11L/Murata/view-part/?ref=snap"; VariantName = "[No Variations]"
Add component (AddParameter): Name = "Value"; Value = ""; VariantName = "[No Variations]"
Added Component: Designator=C17(CAPC2012X145N)
Add component (AddParameter): Name = "Check_prices"; Value = "https://www.snapeda.com/parts/GRM21BC81E106KE11L/Murata/view-part/?ref=eda"; VariantName = "[No Variations]"
Add component (AddParameter): Name = "MF"; Value = "Murata"; VariantName = "[No Variations]"
Add component (AddParameter): Name = "MP"; Value = "GRM21BC81E106KE11L"; VariantName = "[No Variations]"
Add component (AddParameter): Name = "Package"; Value = "2012 Murata"; VariantName = "[No Variations]"
Add component (AddParameter): Name = "SnapEDA_Link"; Value = "https://www.snapeda.com/parts/GRM21BC81E106KE11L/Murata/view-part/?ref=snap"; VariantName = "[No Variations]"
Add component (AddParameter): Name = "Value"; Value = ""; VariantName = "[No Variations]"
Added Component: Designator=C18(CAPC2012X145N)
Add component (AddParameter): Name = "Check_prices"; Value = "https://www.snapeda.com/parts/GRM21BC81E106KE11L/Murata/view-part/?ref=eda"; VariantName = "[No Variations]"
Add component (AddParameter): Name = "MF"; Value = "Murata"; VariantName = "[No Variations]"
Add component (AddParameter): Name = "MP"; Value = "GRM21BC81E106KE11L"; VariantName = "[No Variations]"
Add component (AddParameter): Name = "Package"; Value = "2012 Murata"; VariantName = "[No Variations]"
Add component (AddParameter): Name = "SnapEDA_Link"; Value = "https://www.snapeda.com/parts/GRM21BC81E106KE11L/Murata/view-part/?ref=snap"; VariantName = "[No Variations]"
Add component (AddParameter): Name = "Value"; Value = ""; VariantName = "[No Variations]"
Added Component: Designator=LED1(LED3MM)
Add component (AddParameter): Name = "Check_prices"; Value = "https://www.snapeda.com/parts/TLLR4400/Vishay+Semiconductor+Opto+Division/view-part/?ref=eda"; VariantName = "[No Variations]"
Add component (AddParameter): Name = "MF"; Value = "Vishay"; VariantName = "[No Variations]"
Add component (AddParameter): Name = "MP"; Value = "TLLR4400"; VariantName = "[No Variations]"
Add component (AddParameter): Name = "Package"; Value = "None"; VariantName = "[No Variations]"
Add component (AddParameter): Name = "SnapEDA_Link"; Value = "https://www.snapeda.com/parts/TLLR4400/Vishay+Semiconductor+Opto+Division/view-part/?ref=snap"; VariantName = "[No Variations]"
Add component (AddParameter): Name = "Value"; Value = ""; VariantName = "[No Variations]"
Added Component: Designator=LED2(LED3MM)
Add component (AddParameter): Name = "Check_prices"; Value = "https://www.snapeda.com/parts/TLLR4400/Vishay+Semiconductor+Opto+Division/view-part/?ref=eda"; VariantName = "[No Variations]"
Add component (AddParameter): Name = "MF"; Value = "Vishay"; VariantName = "[No Variations]"
Add component (AddParameter): Name = "MP"; Value = "TLLR4400"; VariantName = "[No Variations]"
Add component (AddParameter): Name = "Package"; Value = "None"; VariantName = "[No Variations]"
Add component (AddParameter): Name = "SnapEDA_Link"; Value = "https://www.snapeda.com/parts/TLLR4400/Vishay+Semiconductor+Opto+Division/view-part/?ref=snap"; VariantName = "[No Variations]"
Add component (AddParameter): Name = "Value"; Value = ""; VariantName = "[No Variations]"
Added Pin To Net: NetName=GND Pin=C3-1
Added Pin To Net: NetName=+5 Pin=C3-2
Added Pin To Net: NetName=GND Pin=C4-1
Added Pin To Net: NetName=+3V3 Pin=C4-2
Added Pin To Net: NetName=GND Pin=C5-1
Added Pin To Net: NetName=+3V3 Pin=C5-2
Added Pin To Net: NetName=GND Pin=C6-1
Added Pin To Net: NetName=IMU_REGOUT Pin=C6-2
Added Pin To Net: NetName=GND Pin=C7-1
Added Pin To Net: NetName=+3V3 Pin=C7-2
Added Pin To Net: NetName=GND Pin=C8-1
Added Pin To Net: NetName=IMU_CPOUT Pin=C8-2
Added Pin To Net: NetName=GND Pin=C9-1
Added Pin To Net: NetName=MCU_OSC_IN Pin=C9-2
Added Pin To Net: NetName=GND Pin=C10-1
Added Pin To Net: NetName=XTAL_IN Pin=C10-2
Added Pin To Net: NetName=GND Pin=C11-1
Added Pin To Net: NetName=+3V3 Pin=C11-2
Added Pin To Net: NetName=GND Pin=C12-1
Added Pin To Net: NetName=+3V3 Pin=C12-2
Added Pin To Net: NetName=GND Pin=C13-1
Added Pin To Net: NetName=+3V3 Pin=C13-2
Added Pin To Net: NetName=GND Pin=C14-1
Added Pin To Net: NetName=+3V3 Pin=C14-2
Added Pin To Net: NetName=GND Pin=C15-1
Added Pin To Net: NetName=+3V3 Pin=C15-2
Added Pin To Net: NetName=GND Pin=C16-1
Added Pin To Net: NetName=+3V3 Pin=C16-2
Added Pin To Net: NetName=GND Pin=C17-1
Added Pin To Net: NetName=MCU_VCAP1 Pin=C17-2
Added Pin To Net: NetName=GND Pin=C18-1
Added Pin To Net: NetName=NetC18_2 Pin=C18-2
Add Pin To Net: Unknown Pin: Pin L1-1
Add Pin To Net: Unknown Pin: Pin L1-2
Added Pin To Net: NetName=+3V3 Pin=LED1-A
Added Pin To Net: NetName=LED_PWR_K Pin=LED1-K
Add Pin To Net: Unknown Pin: Pin X?-1
Add Pin To Net: Unknown Pin: Pin X?-2
Added Pin To Net: NetName=NetLED2_A Pin=LED2-A
Added Pin To Net: NetName=NetLED2_A Pin=U3-26
Added Net: Name=NetLED2_A
Added Pin To Net: NetName=NetLED2_K Pin=LED2-K
Added Pin To Net: NetName=NetLED2_K Pin=R5-1
Added Net: Name=NetLED2_K
